2025-05-08 14:01:55,962 WARN  [net.sf.hibernate.cfg.SettingsFactory] Could not obtain connection metadata
org.postgresql.util.PSQLException: FATAL: password authentication failed for user "openxds"
	at org.postgresql.core.v3.ConnectionFactoryImpl.doAuthentication(ConnectionFactoryImpl.java:276)
	at org.postgresql.core.v3.ConnectionFactoryImpl.openConnectionImpl(ConnectionFactoryImpl.java:95)
	at org.postgresql.core.ConnectionFactory.openConnection(ConnectionFactory.java:66)
	at org.postgresql.jdbc2.AbstractJdbc2Connection.<init>(AbstractJdbc2Connection.java:124)
	at org.postgresql.jdbc3.AbstractJdbc3Connection.<init>(AbstractJdbc3Connection.java:30)
	at org.postgresql.jdbc4.AbstractJdbc4Connection.<init>(AbstractJdbc4Connection.java:29)
	at org.postgresql.jdbc4.Jdbc4Connection.<init>(Jdbc4Connection.java:24)
	at org.postgresql.Driver.makeConnection(Driver.java:386)
	at org.postgresql.Driver.connect(Driver.java:260)
	at java.sql/java.sql.DriverManager.getConnection(DriverManager.java:677)
	at java.sql/java.sql.DriverManager.getConnection(DriverManager.java:189)
	at net.sf.hibernate.connection.DriverManagerConnectionProvider.getConnection(DriverManagerConnectionProvider.java:101)
	at net.sf.hibernate.cfg.SettingsFactory.buildSettings(SettingsFactory.java:73)
	at net.sf.hibernate.cfg.Configuration.buildSettings(Configuration.java:1155)
	at net.sf.hibernate.cfg.Configuration.buildSessionFactory(Configuration.java:789)
	at org.freebxml.omar.server.repository.hibernate.RepositoryHibernateUtil.getConfiguration(RepositoryHibernateUtil.java:165)
	at org.freebxml.omar.server.repository.hibernate.RepositoryHibernateUtil.<init>(RepositoryHibernateUtil.java:47)
	at org.freebxml.omar.server.repository.hibernate.RepositoryHibernateUtil.getInstance(RepositoryHibernateUtil.java:55)
	at org.freebxml.omar.server.repository.hibernate.HibernateRepositoryManager.<init>(HibernateRepositoryManager.java:78)
	at org.freebxml.omar.server.repository.hibernate.HibernateRepositoryManager.getInstance(HibernateRepositoryManager.java:99)
	at java.base/jdk.internal.reflect.NativeMethodAccessorImpl.invoke0(Native Method)
	at java.base/jdk.internal.reflect.NativeMethodAccessorImpl.invoke(NativeMethodAccessorImpl.java:62)
	at java.base/jdk.internal.reflect.DelegatingMethodAccessorImpl.invoke(DelegatingMethodAccessorImpl.java:43)
	at java.base/java.lang.reflect.Method.invoke(Method.java:566)
	at org.freebxml.omar.server.repository.RepositoryManagerFactory.createPluginInstance(RepositoryManagerFactory.java:86)
	at org.freebxml.omar.server.repository.RepositoryManagerFactory.getRepositoryManager(RepositoryManagerFactory.java:51)
	at org.freebxml.omar.server.query.QueryManagerImpl.<init>(QueryManagerImpl.java:111)
	at org.freebxml.omar.server.query.QueryManagerImpl.getInstance(QueryManagerImpl.java:149)
	at java.base/jdk.internal.reflect.NativeMethodAccessorImpl.invoke0(Native Method)
	at java.base/jdk.internal.reflect.NativeMethodAccessorImpl.invoke(NativeMethodAccessorImpl.java:62)
	at java.base/jdk.internal.reflect.DelegatingMethodAccessorImpl.invoke(DelegatingMethodAccessorImpl.java:43)
	at java.base/java.lang.reflect.Method.invoke(Method.java:566)
	at org.freebxml.omar.common.spi.QueryManagerFactory.createPluginInstance(QueryManagerFactory.java:87)
	at org.freebxml.omar.common.spi.QueryManagerFactory.getQueryManager(QueryManagerFactory.java:49)
	at org.freebxml.omar.server.repository.AbstractRepositoryManager.<clinit>(AbstractRepositoryManager.java:61)
	at java.base/java.lang.Class.forName0(Native Method)
	at java.base/java.lang.Class.forName(Class.java:315)
	at org.freebxml.omar.server.repository.RepositoryManagerFactory.createPluginInstance(RepositoryManagerFactory.java:75)
	at org.freebxml.omar.server.repository.RepositoryManagerFactory.getRepositoryManager(RepositoryManagerFactory.java:51)
	at org.freebxml.omar.server.query.QueryManagerImpl.<init>(QueryManagerImpl.java:111)
	at org.freebxml.omar.server.query.QueryManagerImpl.getInstance(QueryManagerImpl.java:149)
	at java.base/jdk.internal.reflect.NativeMethodAccessorImpl.invoke0(Native Method)
	at java.base/jdk.internal.reflect.NativeMethodAccessorImpl.invoke(NativeMethodAccessorImpl.java:62)
	at java.base/jdk.internal.reflect.DelegatingMethodAccessorImpl.invoke(DelegatingMethodAccessorImpl.java:43)
	at java.base/java.lang.reflect.Method.invoke(Method.java:566)
	at org.freebxml.omar.common.spi.QueryManagerFactory.createPluginInstance(QueryManagerFactory.java:87)
	at org.freebxml.omar.common.spi.QueryManagerFactory.getQueryManager(QueryManagerFactory.java:49)
	at org.openhealthtools.openxds.registry.adapter.omar31.XdsRegistryQueryServiceImpl.<clinit>(XdsRegistryQueryServiceImpl.java:60)
	at org.openhealthtools.openxds.registry.adapter.omar31.XdsRegistryQueryServiceTest.<clinit>(XdsRegistryQueryServiceTest.java:46)
	at java.base/jdk.internal.reflect.NativeConstructorAccessorImpl.newInstance0(Native Method)
	at java.base/jdk.internal.reflect.NativeConstructorAccessorImpl.newInstance(NativeConstructorAccessorImpl.java:62)
	at java.base/jdk.internal.reflect.DelegatingConstructorAccessorImpl.newInstance(DelegatingConstructorAccessorImpl.java:45)
	at java.base/java.lang.reflect.Constructor.newInstance(Constructor.java:490)
	at junit.framework.TestSuite.createTest(TestSuite.java:61)
	at junit.framework.TestSuite.addTestMethod(TestSuite.java:283)
	at junit.framework.TestSuite.<init>(TestSuite.java:146)
	at org.junit.internal.runners.JUnit38ClassRunner.<init>(JUnit38ClassRunner.java:69)
	at java.base/jdk.internal.reflect.NativeConstructorAccessorImpl.newInstance0(Native Method)
	at java.base/jdk.internal.reflect.NativeConstructorAccessorImpl.newInstance(NativeConstructorAccessorImpl.java:62)
	at java.base/jdk.internal.reflect.DelegatingConstructorAccessorImpl.newInstance(DelegatingConstructorAccessorImpl.java:45)
	at java.base/java.lang.reflect.Constructor.newInstance(Constructor.java:490)
	at org.junit.internal.requests.ClassRequest.buildRunner(ClassRequest.java:33)
	at org.junit.internal.requests.ClassRequest.getRunner(ClassRequest.java:28)
	at org.apache.maven.surefire.junit4.JUnit4Provider.execute(JUnit4Provider.java:250)
	at org.apache.maven.surefire.junit4.JUnit4Provider.executeTestSet(JUnit4Provider.java:141)
	at org.apache.maven.surefire.junit4.JUnit4Provider.invoke(JUnit4Provider.java:112)
	at java.base/jdk.internal.reflect.NativeMethodAccessorImpl.invoke0(Native Method)
	at java.base/jdk.internal.reflect.NativeMethodAccessorImpl.invoke(NativeMethodAccessorImpl.java:62)
	at java.base/jdk.internal.reflect.DelegatingMethodAccessorImpl.invoke(DelegatingMethodAccessorImpl.java:43)
	at java.base/java.lang.reflect.Method.invoke(Method.java:566)
	at org.apache.maven.surefire.util.ReflectionUtils.invokeMethodWithArray(ReflectionUtils.java:189)
	at org.apache.maven.surefire.booter.ProviderFactory$ProviderProxy.invoke(ProviderFactory.java:165)
	at org.apache.maven.surefire.booter.ProviderFactory.invokeProvider(ProviderFactory.java:85)
	at org.apache.maven.surefire.booter.ForkedBooter.runSuitesInProcess(ForkedBooter.java:115)
	at org.apache.maven.surefire.booter.ForkedBooter.main(ForkedBooter.java:75)
2025-05-08 14:01:56,065 ERROR [org.freebxml.omar.server.security.authentication.AuthenticationServiceImpl] Internal error. Could not load predefined users.
javax.xml.registry.RegistryException: Error: Could not create Connection to database. Check if database is already running in another program (e.g. registry servlet in tomcat)
	at org.freebxml.omar.server.persistence.rdb.SQLPersistenceManagerImpl.getConnection(SQLPersistenceManagerImpl.java:308)
	at org.freebxml.omar.server.common.ServerRequestContext.getConnection(ServerRequestContext.java:638)
	at org.freebxml.omar.server.persistence.rdb.SQLPersistenceManagerImpl.executeSQLQuery(SQLPersistenceManagerImpl.java:914)
	at org.freebxml.omar.server.persistence.rdb.SQLPersistenceManagerImpl.getIdentifiablesMatchingQuery(SQLPersistenceManagerImpl.java:1147)
	at org.freebxml.omar.server.persistence.rdb.SQLPersistenceManagerImpl.getIdentifiableMatchingQuery(SQLPersistenceManagerImpl.java:1178)
	at org.freebxml.omar.server.persistence.rdb.SQLPersistenceManagerImpl.getIdentifiable(SQLPersistenceManagerImpl.java:1221)
	at org.freebxml.omar.server.persistence.rdb.SQLPersistenceManagerImpl.getRegistryObject(SQLPersistenceManagerImpl.java:1199)
	at org.freebxml.omar.server.security.authentication.AuthenticationServiceImpl.loadPredefinedUsers(AuthenticationServiceImpl.java:470)
	at org.freebxml.omar.server.security.authentication.AuthenticationServiceImpl.<init>(AuthenticationServiceImpl.java:94)
	at org.freebxml.omar.server.security.authentication.AuthenticationServiceImpl.getInstance(AuthenticationServiceImpl.java:247)
	at org.openhealthtools.openxds.registry.adapter.omar31.XdsRegistryQueryServiceImpl.storedQuery(XdsRegistryQueryServiceImpl.java:83)
	at org.openhealthtools.openxds.registry.adapter.omar31.XdsRegistryQueryServiceTest.testFindFolders(XdsRegistryQueryServiceTest.java:98)
	at java.base/jdk.internal.reflect.NativeMethodAccessorImpl.invoke0(Native Method)
	at java.base/jdk.internal.reflect.NativeMethodAccessorImpl.invoke(NativeMethodAccessorImpl.java:62)
	at java.base/jdk.internal.reflect.DelegatingMethodAccessorImpl.invoke(DelegatingMethodAccessorImpl.java:43)
	at java.base/java.lang.reflect.Method.invoke(Method.java:566)
	at junit.framework.TestCase.runTest(TestCase.java:168)
	at junit.framework.TestCase.runBare(TestCase.java:134)
	at junit.framework.TestResult$1.protect(TestResult.java:110)
	at junit.framework.TestResult.runProtected(TestResult.java:128)
	at junit.framework.TestResult.run(TestResult.java:113)
	at junit.framework.TestCase.run(TestCase.java:124)
	at junit.framework.TestSuite.runTest(TestSuite.java:232)
	at junit.framework.TestSuite.run(TestSuite.java:227)
	at org.junit.internal.runners.JUnit38ClassRunner.run(JUnit38ClassRunner.java:81)
	at org.apache.maven.surefire.junit4.JUnit4Provider.execute(JUnit4Provider.java:252)
	at org.apache.maven.surefire.junit4.JUnit4Provider.executeTestSet(JUnit4Provider.java:141)
	at org.apache.maven.surefire.junit4.JUnit4Provider.invoke(JUnit4Provider.java:112)
	at java.base/jdk.internal.reflect.NativeMethodAccessorImpl.invoke0(Native Method)
	at java.base/jdk.internal.reflect.NativeMethodAccessorImpl.invoke(NativeMethodAccessorImpl.java:62)
	at java.base/jdk.internal.reflect.DelegatingMethodAccessorImpl.invoke(DelegatingMethodAccessorImpl.java:43)
	at java.base/java.lang.reflect.Method.invoke(Method.java:566)
	at org.apache.maven.surefire.util.ReflectionUtils.invokeMethodWithArray(ReflectionUtils.java:189)
	at org.apache.maven.surefire.booter.ProviderFactory$ProviderProxy.invoke(ProviderFactory.java:165)
	at org.apache.maven.surefire.booter.ProviderFactory.invokeProvider(ProviderFactory.java:85)
	at org.apache.maven.surefire.booter.ForkedBooter.runSuitesInProcess(ForkedBooter.java:115)
	at org.apache.maven.surefire.booter.ForkedBooter.main(ForkedBooter.java:75)
Caused by: org.postgresql.util.PSQLException: FATAL: password authentication failed for user "openxds"
	at org.postgresql.core.v3.ConnectionFactoryImpl.doAuthentication(ConnectionFactoryImpl.java:276)
	at org.postgresql.core.v3.ConnectionFactoryImpl.openConnectionImpl(ConnectionFactoryImpl.java:95)
	at org.postgresql.core.ConnectionFactory.openConnection(ConnectionFactory.java:66)
	at org.postgresql.jdbc2.AbstractJdbc2Connection.<init>(AbstractJdbc2Connection.java:124)
	at org.postgresql.jdbc3.AbstractJdbc3Connection.<init>(AbstractJdbc3Connection.java:30)
	at org.postgresql.jdbc4.AbstractJdbc4Connection.<init>(AbstractJdbc4Connection.java:29)
	at org.postgresql.jdbc4.Jdbc4Connection.<init>(Jdbc4Connection.java:24)
	at org.postgresql.Driver.makeConnection(Driver.java:386)
	at org.postgresql.Driver.connect(Driver.java:260)
	at java.sql/java.sql.DriverManager.getConnection(DriverManager.java:677)
	at java.sql/java.sql.DriverManager.getConnection(DriverManager.java:228)
	at org.freebxml.omar.server.persistence.rdb.SQLPersistenceManagerImpl.getConnection(SQLPersistenceManagerImpl.java:296)
	... 36 more
2025-05-08 14:01:56,068 ERROR [org.freebxml.omar.server.security.authentication.AuthenticationServiceImpl] Internal error. Could not load predefined users.
javax.xml.registry.RegistryException: Error: Could not create Connection to database. Check if database is already running in another program (e.g. registry servlet in tomcat)
	at org.freebxml.omar.server.persistence.rdb.SQLPersistenceManagerImpl.getConnection(SQLPersistenceManagerImpl.java:308)
	at org.freebxml.omar.server.common.ServerRequestContext.getConnection(ServerRequestContext.java:638)
	at org.freebxml.omar.server.persistence.rdb.SQLPersistenceManagerImpl.executeSQLQuery(SQLPersistenceManagerImpl.java:914)
	at org.freebxml.omar.server.persistence.rdb.SQLPersistenceManagerImpl.getIdentifiablesMatchingQuery(SQLPersistenceManagerImpl.java:1147)
	at org.freebxml.omar.server.persistence.rdb.SQLPersistenceManagerImpl.getIdentifiableMatchingQuery(SQLPersistenceManagerImpl.java:1178)
	at org.freebxml.omar.server.persistence.rdb.SQLPersistenceManagerImpl.getIdentifiable(SQLPersistenceManagerImpl.java:1221)
	at org.freebxml.omar.server.persistence.rdb.SQLPersistenceManagerImpl.getRegistryObject(SQLPersistenceManagerImpl.java:1199)
	at org.freebxml.omar.server.security.authentication.AuthenticationServiceImpl.loadPredefinedUsers(AuthenticationServiceImpl.java:470)
	at org.freebxml.omar.server.security.authentication.AuthenticationServiceImpl.<init>(AuthenticationServiceImpl.java:94)
	at org.freebxml.omar.server.security.authentication.AuthenticationServiceImpl.getInstance(AuthenticationServiceImpl.java:247)
	at org.openhealthtools.openxds.registry.adapter.omar31.XdsRegistryQueryServiceImpl.storedQuery(XdsRegistryQueryServiceImpl.java:83)
	at org.openhealthtools.openxds.registry.adapter.omar31.XdsRegistryQueryServiceTest.testFindSubmissionSets(XdsRegistryQueryServiceTest.java:124)
	at java.base/jdk.internal.reflect.NativeMethodAccessorImpl.invoke0(Native Method)
	at java.base/jdk.internal.reflect.NativeMethodAccessorImpl.invoke(NativeMethodAccessorImpl.java:62)
	at java.base/jdk.internal.reflect.DelegatingMethodAccessorImpl.invoke(DelegatingMethodAccessorImpl.java:43)
	at java.base/java.lang.reflect.Method.invoke(Method.java:566)
	at junit.framework.TestCase.runTest(TestCase.java:168)
	at junit.framework.TestCase.runBare(TestCase.java:134)
	at junit.framework.TestResult$1.protect(TestResult.java:110)
	at junit.framework.TestResult.runProtected(TestResult.java:128)
	at junit.framework.TestResult.run(TestResult.java:113)
	at junit.framework.TestCase.run(TestCase.java:124)
	at junit.framework.TestSuite.runTest(TestSuite.java:232)
	at junit.framework.TestSuite.run(TestSuite.java:227)
	at org.junit.internal.runners.JUnit38ClassRunner.run(JUnit38ClassRunner.java:81)
	at org.apache.maven.surefire.junit4.JUnit4Provider.execute(JUnit4Provider.java:252)
	at org.apache.maven.surefire.junit4.JUnit4Provider.executeTestSet(JUnit4Provider.java:141)
	at org.apache.maven.surefire.junit4.JUnit4Provider.invoke(JUnit4Provider.java:112)
	at java.base/jdk.internal.reflect.NativeMethodAccessorImpl.invoke0(Native Method)
	at java.base/jdk.internal.reflect.NativeMethodAccessorImpl.invoke(NativeMethodAccessorImpl.java:62)
	at java.base/jdk.internal.reflect.DelegatingMethodAccessorImpl.invoke(DelegatingMethodAccessorImpl.java:43)
	at java.base/java.lang.reflect.Method.invoke(Method.java:566)
	at org.apache.maven.surefire.util.ReflectionUtils.invokeMethodWithArray(ReflectionUtils.java:189)
	at org.apache.maven.surefire.booter.ProviderFactory$ProviderProxy.invoke(ProviderFactory.java:165)
	at org.apache.maven.surefire.booter.ProviderFactory.invokeProvider(ProviderFactory.java:85)
	at org.apache.maven.surefire.booter.ForkedBooter.runSuitesInProcess(ForkedBooter.java:115)
	at org.apache.maven.surefire.booter.ForkedBooter.main(ForkedBooter.java:75)
Caused by: org.postgresql.util.PSQLException: FATAL: password authentication failed for user "openxds"
	at org.postgresql.core.v3.ConnectionFactoryImpl.doAuthentication(ConnectionFactoryImpl.java:276)
	at org.postgresql.core.v3.ConnectionFactoryImpl.openConnectionImpl(ConnectionFactoryImpl.java:95)
	at org.postgresql.core.ConnectionFactory.openConnection(ConnectionFactory.java:66)
	at org.postgresql.jdbc2.AbstractJdbc2Connection.<init>(AbstractJdbc2Connection.java:124)
	at org.postgresql.jdbc3.AbstractJdbc3Connection.<init>(AbstractJdbc3Connection.java:30)
	at org.postgresql.jdbc4.AbstractJdbc4Connection.<init>(AbstractJdbc4Connection.java:29)
	at org.postgresql.jdbc4.Jdbc4Connection.<init>(Jdbc4Connection.java:24)
	at org.postgresql.Driver.makeConnection(Driver.java:386)
	at org.postgresql.Driver.connect(Driver.java:260)
	at java.sql/java.sql.DriverManager.getConnection(DriverManager.java:677)
	at java.sql/java.sql.DriverManager.getConnection(DriverManager.java:228)
	at org.freebxml.omar.server.persistence.rdb.SQLPersistenceManagerImpl.getConnection(SQLPersistenceManagerImpl.java:296)
	... 36 more
2025-05-08 14:01:56,071 ERROR [org.freebxml.omar.server.security.authentication.AuthenticationServiceImpl] Internal error. Could not load predefined users.
javax.xml.registry.RegistryException: Error: Could not create Connection to database. Check if database is already running in another program (e.g. registry servlet in tomcat)
	at org.freebxml.omar.server.persistence.rdb.SQLPersistenceManagerImpl.getConnection(SQLPersistenceManagerImpl.java:308)
	at org.freebxml.omar.server.common.ServerRequestContext.getConnection(ServerRequestContext.java:638)
	at org.freebxml.omar.server.persistence.rdb.SQLPersistenceManagerImpl.executeSQLQuery(SQLPersistenceManagerImpl.java:914)
	at org.freebxml.omar.server.persistence.rdb.SQLPersistenceManagerImpl.getIdentifiablesMatchingQuery(SQLPersistenceManagerImpl.java:1147)
	at org.freebxml.omar.server.persistence.rdb.SQLPersistenceManagerImpl.getIdentifiableMatchingQuery(SQLPersistenceManagerImpl.java:1178)
	at org.freebxml.omar.server.persistence.rdb.SQLPersistenceManagerImpl.getIdentifiable(SQLPersistenceManagerImpl.java:1221)
	at org.freebxml.omar.server.persistence.rdb.SQLPersistenceManagerImpl.getRegistryObject(SQLPersistenceManagerImpl.java:1199)
	at org.freebxml.omar.server.security.authentication.AuthenticationServiceImpl.loadPredefinedUsers(AuthenticationServiceImpl.java:470)
	at org.freebxml.omar.server.security.authentication.AuthenticationServiceImpl.<init>(AuthenticationServiceImpl.java:94)
	at org.freebxml.omar.server.security.authentication.AuthenticationServiceImpl.getInstance(AuthenticationServiceImpl.java:247)
	at org.openhealthtools.openxds.registry.adapter.omar31.XdsRegistryQueryServiceImpl.storedQuery(XdsRegistryQueryServiceImpl.java:83)
	at org.openhealthtools.openxds.registry.adapter.omar31.XdsRegistryQueryServiceTest.testGetDocuments(XdsRegistryQueryServiceTest.java:174)
	at java.base/jdk.internal.reflect.NativeMethodAccessorImpl.invoke0(Native Method)
	at java.base/jdk.internal.reflect.NativeMethodAccessorImpl.invoke(NativeMethodAccessorImpl.java:62)
	at java.base/jdk.internal.reflect.DelegatingMethodAccessorImpl.invoke(DelegatingMethodAccessorImpl.java:43)
	at java.base/java.lang.reflect.Method.invoke(Method.java:566)
	at junit.framework.TestCase.runTest(TestCase.java:168)
	at junit.framework.TestCase.runBare(TestCase.java:134)
	at junit.framework.TestResult$1.protect(TestResult.java:110)
	at junit.framework.TestResult.runProtected(TestResult.java:128)
	at junit.framework.TestResult.run(TestResult.java:113)
	at junit.framework.TestCase.run(TestCase.java:124)
	at junit.framework.TestSuite.runTest(TestSuite.java:232)
	at junit.framework.TestSuite.run(TestSuite.java:227)
	at org.junit.internal.runners.JUnit38ClassRunner.run(JUnit38ClassRunner.java:81)
	at org.apache.maven.surefire.junit4.JUnit4Provider.execute(JUnit4Provider.java:252)
	at org.apache.maven.surefire.junit4.JUnit4Provider.executeTestSet(JUnit4Provider.java:141)
	at org.apache.maven.surefire.junit4.JUnit4Provider.invoke(JUnit4Provider.java:112)
	at java.base/jdk.internal.reflect.NativeMethodAccessorImpl.invoke0(Native Method)
	at java.base/jdk.internal.reflect.NativeMethodAccessorImpl.invoke(NativeMethodAccessorImpl.java:62)
	at java.base/jdk.internal.reflect.DelegatingMethodAccessorImpl.invoke(DelegatingMethodAccessorImpl.java:43)
	at java.base/java.lang.reflect.Method.invoke(Method.java:566)
	at org.apache.maven.surefire.util.ReflectionUtils.invokeMethodWithArray(ReflectionUtils.java:189)
	at org.apache.maven.surefire.booter.ProviderFactory$ProviderProxy.invoke(ProviderFactory.java:165)
	at org.apache.maven.surefire.booter.ProviderFactory.invokeProvider(ProviderFactory.java:85)
	at org.apache.maven.surefire.booter.ForkedBooter.runSuitesInProcess(ForkedBooter.java:115)
	at org.apache.maven.surefire.booter.ForkedBooter.main(ForkedBooter.java:75)
Caused by: org.postgresql.util.PSQLException: FATAL: password authentication failed for user "openxds"
	at org.postgresql.core.v3.ConnectionFactoryImpl.doAuthentication(ConnectionFactoryImpl.java:276)
	at org.postgresql.core.v3.ConnectionFactoryImpl.openConnectionImpl(ConnectionFactoryImpl.java:95)
	at org.postgresql.core.ConnectionFactory.openConnection(ConnectionFactory.java:66)
	at org.postgresql.jdbc2.AbstractJdbc2Connection.<init>(AbstractJdbc2Connection.java:124)
	at org.postgresql.jdbc3.AbstractJdbc3Connection.<init>(AbstractJdbc3Connection.java:30)
	at org.postgresql.jdbc4.AbstractJdbc4Connection.<init>(AbstractJdbc4Connection.java:29)
	at org.postgresql.jdbc4.Jdbc4Connection.<init>(Jdbc4Connection.java:24)
	at org.postgresql.Driver.makeConnection(Driver.java:386)
	at org.postgresql.Driver.connect(Driver.java:260)
	at java.sql/java.sql.DriverManager.getConnection(DriverManager.java:677)
	at java.sql/java.sql.DriverManager.getConnection(DriverManager.java:228)
	at org.freebxml.omar.server.persistence.rdb.SQLPersistenceManagerImpl.getConnection(SQLPersistenceManagerImpl.java:296)
	... 36 more
2025-05-08 14:01:56,074 ERROR [org.freebxml.omar.server.security.authentication.AuthenticationServiceImpl] Internal error. Could not load predefined users.
javax.xml.registry.RegistryException: Error: Could not create Connection to database. Check if database is already running in another program (e.g. registry servlet in tomcat)
	at org.freebxml.omar.server.persistence.rdb.SQLPersistenceManagerImpl.getConnection(SQLPersistenceManagerImpl.java:308)
	at org.freebxml.omar.server.common.ServerRequestContext.getConnection(ServerRequestContext.java:638)
	at org.freebxml.omar.server.persistence.rdb.SQLPersistenceManagerImpl.executeSQLQuery(SQLPersistenceManagerImpl.java:914)
	at org.freebxml.omar.server.persistence.rdb.SQLPersistenceManagerImpl.getIdentifiablesMatchingQuery(SQLPersistenceManagerImpl.java:1147)
	at org.freebxml.omar.server.persistence.rdb.SQLPersistenceManagerImpl.getIdentifiableMatchingQuery(SQLPersistenceManagerImpl.java:1178)
	at org.freebxml.omar.server.persistence.rdb.SQLPersistenceManagerImpl.getIdentifiable(SQLPersistenceManagerImpl.java:1221)
	at org.freebxml.omar.server.persistence.rdb.SQLPersistenceManagerImpl.getRegistryObject(SQLPersistenceManagerImpl.java:1199)
	at org.freebxml.omar.server.security.authentication.AuthenticationServiceImpl.loadPredefinedUsers(AuthenticationServiceImpl.java:470)
	at org.freebxml.omar.server.security.authentication.AuthenticationServiceImpl.<init>(AuthenticationServiceImpl.java:94)
	at org.freebxml.omar.server.security.authentication.AuthenticationServiceImpl.getInstance(AuthenticationServiceImpl.java:247)
	at org.openhealthtools.openxds.registry.adapter.omar31.XdsRegistryQueryServiceImpl.storedQuery(XdsRegistryQueryServiceImpl.java:83)
	at org.openhealthtools.openxds.registry.adapter.omar31.XdsRegistryQueryServiceTest.testGetFolders(XdsRegistryQueryServiceTest.java:198)
	at java.base/jdk.internal.reflect.NativeMethodAccessorImpl.invoke0(Native Method)
	at java.base/jdk.internal.reflect.NativeMethodAccessorImpl.invoke(NativeMethodAccessorImpl.java:62)
	at java.base/jdk.internal.reflect.DelegatingMethodAccessorImpl.invoke(DelegatingMethodAccessorImpl.java:43)
	at java.base/java.lang.reflect.Method.invoke(Method.java:566)
	at junit.framework.TestCase.runTest(TestCase.java:168)
	at junit.framework.TestCase.runBare(TestCase.java:134)
	at junit.framework.TestResult$1.protect(TestResult.java:110)
	at junit.framework.TestResult.runProtected(TestResult.java:128)
	at junit.framework.TestResult.run(TestResult.java:113)
	at junit.framework.TestCase.run(TestCase.java:124)
	at junit.framework.TestSuite.runTest(TestSuite.java:232)
	at junit.framework.TestSuite.run(TestSuite.java:227)
	at org.junit.internal.runners.JUnit38ClassRunner.run(JUnit38ClassRunner.java:81)
	at org.apache.maven.surefire.junit4.JUnit4Provider.execute(JUnit4Provider.java:252)
	at org.apache.maven.surefire.junit4.JUnit4Provider.executeTestSet(JUnit4Provider.java:141)
	at org.apache.maven.surefire.junit4.JUnit4Provider.invoke(JUnit4Provider.java:112)
	at java.base/jdk.internal.reflect.NativeMethodAccessorImpl.invoke0(Native Method)
	at java.base/jdk.internal.reflect.NativeMethodAccessorImpl.invoke(NativeMethodAccessorImpl.java:62)
	at java.base/jdk.internal.reflect.DelegatingMethodAccessorImpl.invoke(DelegatingMethodAccessorImpl.java:43)
	at java.base/java.lang.reflect.Method.invoke(Method.java:566)
	at org.apache.maven.surefire.util.ReflectionUtils.invokeMethodWithArray(ReflectionUtils.java:189)
	at org.apache.maven.surefire.booter.ProviderFactory$ProviderProxy.invoke(ProviderFactory.java:165)
	at org.apache.maven.surefire.booter.ProviderFactory.invokeProvider(ProviderFactory.java:85)
	at org.apache.maven.surefire.booter.ForkedBooter.runSuitesInProcess(ForkedBooter.java:115)
	at org.apache.maven.surefire.booter.ForkedBooter.main(ForkedBooter.java:75)
Caused by: org.postgresql.util.PSQLException: FATAL: password authentication failed for user "openxds"
	at org.postgresql.core.v3.ConnectionFactoryImpl.doAuthentication(ConnectionFactoryImpl.java:276)
	at org.postgresql.core.v3.ConnectionFactoryImpl.openConnectionImpl(ConnectionFactoryImpl.java:95)
	at org.postgresql.core.ConnectionFactory.openConnection(ConnectionFactory.java:66)
	at org.postgresql.jdbc2.AbstractJdbc2Connection.<init>(AbstractJdbc2Connection.java:124)
	at org.postgresql.jdbc3.AbstractJdbc3Connection.<init>(AbstractJdbc3Connection.java:30)
	at org.postgresql.jdbc4.AbstractJdbc4Connection.<init>(AbstractJdbc4Connection.java:29)
	at org.postgresql.jdbc4.Jdbc4Connection.<init>(Jdbc4Connection.java:24)
	at org.postgresql.Driver.makeConnection(Driver.java:386)
	at org.postgresql.Driver.connect(Driver.java:260)
	at java.sql/java.sql.DriverManager.getConnection(DriverManager.java:677)
	at java.sql/java.sql.DriverManager.getConnection(DriverManager.java:228)
	at org.freebxml.omar.server.persistence.rdb.SQLPersistenceManagerImpl.getConnection(SQLPersistenceManagerImpl.java:296)
	... 36 more
2025-05-08 14:01:56,077 ERROR [org.freebxml.omar.server.security.authentication.AuthenticationServiceImpl] Internal error. Could not load predefined users.
javax.xml.registry.RegistryException: Error: Could not create Connection to database. Check if database is already running in another program (e.g. registry servlet in tomcat)
	at org.freebxml.omar.server.persistence.rdb.SQLPersistenceManagerImpl.getConnection(SQLPersistenceManagerImpl.java:308)
	at org.freebxml.omar.server.common.ServerRequestContext.getConnection(ServerRequestContext.java:638)
	at org.freebxml.omar.server.persistence.rdb.SQLPersistenceManagerImpl.executeSQLQuery(SQLPersistenceManagerImpl.java:914)
	at org.freebxml.omar.server.persistence.rdb.SQLPersistenceManagerImpl.getIdentifiablesMatchingQuery(SQLPersistenceManagerImpl.java:1147)
	at org.freebxml.omar.server.persistence.rdb.SQLPersistenceManagerImpl.getIdentifiableMatchingQuery(SQLPersistenceManagerImpl.java:1178)
	at org.freebxml.omar.server.persistence.rdb.SQLPersistenceManagerImpl.getIdentifiable(SQLPersistenceManagerImpl.java:1221)
	at org.freebxml.omar.server.persistence.rdb.SQLPersistenceManagerImpl.getRegistryObject(SQLPersistenceManagerImpl.java:1199)
	at org.freebxml.omar.server.security.authentication.AuthenticationServiceImpl.loadPredefinedUsers(AuthenticationServiceImpl.java:470)
	at org.freebxml.omar.server.security.authentication.AuthenticationServiceImpl.<init>(AuthenticationServiceImpl.java:94)
	at org.freebxml.omar.server.security.authentication.AuthenticationServiceImpl.getInstance(AuthenticationServiceImpl.java:247)
	at org.openhealthtools.openxds.registry.adapter.omar31.XdsRegistryQueryServiceImpl.storedQuery(XdsRegistryQueryServiceImpl.java:83)
	at org.openhealthtools.openxds.registry.adapter.omar31.XdsRegistryQueryServiceTest.testGetAssociations(XdsRegistryQueryServiceTest.java:219)
	at java.base/jdk.internal.reflect.NativeMethodAccessorImpl.invoke0(Native Method)
	at java.base/jdk.internal.reflect.NativeMethodAccessorImpl.invoke(NativeMethodAccessorImpl.java:62)
	at java.base/jdk.internal.reflect.DelegatingMethodAccessorImpl.invoke(DelegatingMethodAccessorImpl.java:43)
	at java.base/java.lang.reflect.Method.invoke(Method.java:566)
	at junit.framework.TestCase.runTest(TestCase.java:168)
	at junit.framework.TestCase.runBare(TestCase.java:134)
	at junit.framework.TestResult$1.protect(TestResult.java:110)
	at junit.framework.TestResult.runProtected(TestResult.java:128)
	at junit.framework.TestResult.run(TestResult.java:113)
	at junit.framework.TestCase.run(TestCase.java:124)
	at junit.framework.TestSuite.runTest(TestSuite.java:232)
	at junit.framework.TestSuite.run(TestSuite.java:227)
	at org.junit.internal.runners.JUnit38ClassRunner.run(JUnit38ClassRunner.java:81)
	at org.apache.maven.surefire.junit4.JUnit4Provider.execute(JUnit4Provider.java:252)
	at org.apache.maven.surefire.junit4.JUnit4Provider.executeTestSet(JUnit4Provider.java:141)
	at org.apache.maven.surefire.junit4.JUnit4Provider.invoke(JUnit4Provider.java:112)
	at java.base/jdk.internal.reflect.NativeMethodAccessorImpl.invoke0(Native Method)
	at java.base/jdk.internal.reflect.NativeMethodAccessorImpl.invoke(NativeMethodAccessorImpl.java:62)
	at java.base/jdk.internal.reflect.DelegatingMethodAccessorImpl.invoke(DelegatingMethodAccessorImpl.java:43)
	at java.base/java.lang.reflect.Method.invoke(Method.java:566)
	at org.apache.maven.surefire.util.ReflectionUtils.invokeMethodWithArray(ReflectionUtils.java:189)
	at org.apache.maven.surefire.booter.ProviderFactory$ProviderProxy.invoke(ProviderFactory.java:165)
	at org.apache.maven.surefire.booter.ProviderFactory.invokeProvider(ProviderFactory.java:85)
	at org.apache.maven.surefire.booter.ForkedBooter.runSuitesInProcess(ForkedBooter.java:115)
	at org.apache.maven.surefire.booter.ForkedBooter.main(ForkedBooter.java:75)
Caused by: org.postgresql.util.PSQLException: FATAL: password authentication failed for user "openxds"
	at org.postgresql.core.v3.ConnectionFactoryImpl.doAuthentication(ConnectionFactoryImpl.java:276)
	at org.postgresql.core.v3.ConnectionFactoryImpl.openConnectionImpl(ConnectionFactoryImpl.java:95)
	at org.postgresql.core.ConnectionFactory.openConnection(ConnectionFactory.java:66)
	at org.postgresql.jdbc2.AbstractJdbc2Connection.<init>(AbstractJdbc2Connection.java:124)
	at org.postgresql.jdbc3.AbstractJdbc3Connection.<init>(AbstractJdbc3Connection.java:30)
	at org.postgresql.jdbc4.AbstractJdbc4Connection.<init>(AbstractJdbc4Connection.java:29)
	at org.postgresql.jdbc4.Jdbc4Connection.<init>(Jdbc4Connection.java:24)
	at org.postgresql.Driver.makeConnection(Driver.java:386)
	at org.postgresql.Driver.connect(Driver.java:260)
	at java.sql/java.sql.DriverManager.getConnection(DriverManager.java:677)
	at java.sql/java.sql.DriverManager.getConnection(DriverManager.java:228)
	at org.freebxml.omar.server.persistence.rdb.SQLPersistenceManagerImpl.getConnection(SQLPersistenceManagerImpl.java:296)
	... 36 more
2025-05-08 14:01:56,081 ERROR [org.freebxml.omar.server.security.authentication.AuthenticationServiceImpl] Internal error. Could not load predefined users.
javax.xml.registry.RegistryException: Error: Could not create Connection to database. Check if database is already running in another program (e.g. registry servlet in tomcat)
	at org.freebxml.omar.server.persistence.rdb.SQLPersistenceManagerImpl.getConnection(SQLPersistenceManagerImpl.java:308)
	at org.freebxml.omar.server.common.ServerRequestContext.getConnection(ServerRequestContext.java:638)
	at org.freebxml.omar.server.persistence.rdb.SQLPersistenceManagerImpl.executeSQLQuery(SQLPersistenceManagerImpl.java:914)
	at org.freebxml.omar.server.persistence.rdb.SQLPersistenceManagerImpl.getIdentifiablesMatchingQuery(SQLPersistenceManagerImpl.java:1147)
	at org.freebxml.omar.server.persistence.rdb.SQLPersistenceManagerImpl.getIdentifiableMatchingQuery(SQLPersistenceManagerImpl.java:1178)
	at org.freebxml.omar.server.persistence.rdb.SQLPersistenceManagerImpl.getIdentifiable(SQLPersistenceManagerImpl.java:1221)
	at org.freebxml.omar.server.persistence.rdb.SQLPersistenceManagerImpl.getRegistryObject(SQLPersistenceManagerImpl.java:1199)
	at org.freebxml.omar.server.security.authentication.AuthenticationServiceImpl.loadPredefinedUsers(AuthenticationServiceImpl.java:470)
	at org.freebxml.omar.server.security.authentication.AuthenticationServiceImpl.<init>(AuthenticationServiceImpl.java:94)
	at org.freebxml.omar.server.security.authentication.AuthenticationServiceImpl.getInstance(AuthenticationServiceImpl.java:247)
	at org.openhealthtools.openxds.registry.adapter.omar31.XdsRegistryQueryServiceImpl.storedQuery(XdsRegistryQueryServiceImpl.java:83)
	at org.openhealthtools.openxds.registry.adapter.omar31.XdsRegistryQueryServiceTest.testGetSubmissionSets(XdsRegistryQueryServiceTest.java:264)
	at java.base/jdk.internal.reflect.NativeMethodAccessorImpl.invoke0(Native Method)
	at java.base/jdk.internal.reflect.NativeMethodAccessorImpl.invoke(NativeMethodAccessorImpl.java:62)
	at java.base/jdk.internal.reflect.DelegatingMethodAccessorImpl.invoke(DelegatingMethodAccessorImpl.java:43)
	at java.base/java.lang.reflect.Method.invoke(Method.java:566)
	at junit.framework.TestCase.runTest(TestCase.java:168)
	at junit.framework.TestCase.runBare(TestCase.java:134)
	at junit.framework.TestResult$1.protect(TestResult.java:110)
	at junit.framework.TestResult.runProtected(TestResult.java:128)
	at junit.framework.TestResult.run(TestResult.java:113)
	at junit.framework.TestCase.run(TestCase.java:124)
	at junit.framework.TestSuite.runTest(TestSuite.java:232)
	at junit.framework.TestSuite.run(TestSuite.java:227)
	at org.junit.internal.runners.JUnit38ClassRunner.run(JUnit38ClassRunner.java:81)
	at org.apache.maven.surefire.junit4.JUnit4Provider.execute(JUnit4Provider.java:252)
	at org.apache.maven.surefire.junit4.JUnit4Provider.executeTestSet(JUnit4Provider.java:141)
	at org.apache.maven.surefire.junit4.JUnit4Provider.invoke(JUnit4Provider.java:112)
	at java.base/jdk.internal.reflect.NativeMethodAccessorImpl.invoke0(Native Method)
	at java.base/jdk.internal.reflect.NativeMethodAccessorImpl.invoke(NativeMethodAccessorImpl.java:62)
	at java.base/jdk.internal.reflect.DelegatingMethodAccessorImpl.invoke(DelegatingMethodAccessorImpl.java:43)
	at java.base/java.lang.reflect.Method.invoke(Method.java:566)
	at org.apache.maven.surefire.util.ReflectionUtils.invokeMethodWithArray(ReflectionUtils.java:189)
	at org.apache.maven.surefire.booter.ProviderFactory$ProviderProxy.invoke(ProviderFactory.java:165)
	at org.apache.maven.surefire.booter.ProviderFactory.invokeProvider(ProviderFactory.java:85)
	at org.apache.maven.surefire.booter.ForkedBooter.runSuitesInProcess(ForkedBooter.java:115)
	at org.apache.maven.surefire.booter.ForkedBooter.main(ForkedBooter.java:75)
Caused by: org.postgresql.util.PSQLException: FATAL: password authentication failed for user "openxds"
	at org.postgresql.core.v3.ConnectionFactoryImpl.doAuthentication(ConnectionFactoryImpl.java:276)
	at org.postgresql.core.v3.ConnectionFactoryImpl.openConnectionImpl(ConnectionFactoryImpl.java:95)
	at org.postgresql.core.ConnectionFactory.openConnection(ConnectionFactory.java:66)
	at org.postgresql.jdbc2.AbstractJdbc2Connection.<init>(AbstractJdbc2Connection.java:124)
	at org.postgresql.jdbc3.AbstractJdbc3Connection.<init>(AbstractJdbc3Connection.java:30)
	at org.postgresql.jdbc4.AbstractJdbc4Connection.<init>(AbstractJdbc4Connection.java:29)
	at org.postgresql.jdbc4.Jdbc4Connection.<init>(Jdbc4Connection.java:24)
	at org.postgresql.Driver.makeConnection(Driver.java:386)
	at org.postgresql.Driver.connect(Driver.java:260)
	at java.sql/java.sql.DriverManager.getConnection(DriverManager.java:677)
	at java.sql/java.sql.DriverManager.getConnection(DriverManager.java:228)
	at org.freebxml.omar.server.persistence.rdb.SQLPersistenceManagerImpl.getConnection(SQLPersistenceManagerImpl.java:296)
	... 36 more
2025-05-08 14:01:56,085 ERROR [org.freebxml.omar.server.security.authentication.AuthenticationServiceImpl] Internal error. Could not load predefined users.
javax.xml.registry.RegistryException: Error: Could not create Connection to database. Check if database is already running in another program (e.g. registry servlet in tomcat)
	at org.freebxml.omar.server.persistence.rdb.SQLPersistenceManagerImpl.getConnection(SQLPersistenceManagerImpl.java:308)
	at org.freebxml.omar.server.common.ServerRequestContext.getConnection(ServerRequestContext.java:638)
	at org.freebxml.omar.server.persistence.rdb.SQLPersistenceManagerImpl.executeSQLQuery(SQLPersistenceManagerImpl.java:914)
	at org.freebxml.omar.server.persistence.rdb.SQLPersistenceManagerImpl.getIdentifiablesMatchingQuery(SQLPersistenceManagerImpl.java:1147)
	at org.freebxml.omar.server.persistence.rdb.SQLPersistenceManagerImpl.getIdentifiableMatchingQuery(SQLPersistenceManagerImpl.java:1178)
	at org.freebxml.omar.server.persistence.rdb.SQLPersistenceManagerImpl.getIdentifiable(SQLPersistenceManagerImpl.java:1221)
	at org.freebxml.omar.server.persistence.rdb.SQLPersistenceManagerImpl.getRegistryObject(SQLPersistenceManagerImpl.java:1199)
	at org.freebxml.omar.server.security.authentication.AuthenticationServiceImpl.loadPredefinedUsers(AuthenticationServiceImpl.java:470)
	at org.freebxml.omar.server.security.authentication.AuthenticationServiceImpl.<init>(AuthenticationServiceImpl.java:94)
	at org.freebxml.omar.server.security.authentication.AuthenticationServiceImpl.getInstance(AuthenticationServiceImpl.java:247)
	at org.openhealthtools.openxds.registry.adapter.omar31.XdsRegistryQueryServiceImpl.storedQuery(XdsRegistryQueryServiceImpl.java:83)
	at org.openhealthtools.openxds.registry.adapter.omar31.XdsRegistryQueryServiceTest.testGetFoldersForDocument(XdsRegistryQueryServiceTest.java:340)
	at java.base/jdk.internal.reflect.NativeMethodAccessorImpl.invoke0(Native Method)
	at java.base/jdk.internal.reflect.NativeMethodAccessorImpl.invoke(NativeMethodAccessorImpl.java:62)
	at java.base/jdk.internal.reflect.DelegatingMethodAccessorImpl.invoke(DelegatingMethodAccessorImpl.java:43)
	at java.base/java.lang.reflect.Method.invoke(Method.java:566)
	at junit.framework.TestCase.runTest(TestCase.java:168)
	at junit.framework.TestCase.runBare(TestCase.java:134)
	at junit.framework.TestResult$1.protect(TestResult.java:110)
	at junit.framework.TestResult.runProtected(TestResult.java:128)
	at junit.framework.TestResult.run(TestResult.java:113)
	at junit.framework.TestCase.run(TestCase.java:124)
	at junit.framework.TestSuite.runTest(TestSuite.java:232)
	at junit.framework.TestSuite.run(TestSuite.java:227)
	at org.junit.internal.runners.JUnit38ClassRunner.run(JUnit38ClassRunner.java:81)
	at org.apache.maven.surefire.junit4.JUnit4Provider.execute(JUnit4Provider.java:252)
	at org.apache.maven.surefire.junit4.JUnit4Provider.executeTestSet(JUnit4Provider.java:141)
	at org.apache.maven.surefire.junit4.JUnit4Provider.invoke(JUnit4Provider.java:112)
	at java.base/jdk.internal.reflect.NativeMethodAccessorImpl.invoke0(Native Method)
	at java.base/jdk.internal.reflect.NativeMethodAccessorImpl.invoke(NativeMethodAccessorImpl.java:62)
	at java.base/jdk.internal.reflect.DelegatingMethodAccessorImpl.invoke(DelegatingMethodAccessorImpl.java:43)
	at java.base/java.lang.reflect.Method.invoke(Method.java:566)
	at org.apache.maven.surefire.util.ReflectionUtils.invokeMethodWithArray(ReflectionUtils.java:189)
	at org.apache.maven.surefire.booter.ProviderFactory$ProviderProxy.invoke(ProviderFactory.java:165)
	at org.apache.maven.surefire.booter.ProviderFactory.invokeProvider(ProviderFactory.java:85)
	at org.apache.maven.surefire.booter.ForkedBooter.runSuitesInProcess(ForkedBooter.java:115)
	at org.apache.maven.surefire.booter.ForkedBooter.main(ForkedBooter.java:75)
Caused by: org.postgresql.util.PSQLException: FATAL: password authentication failed for user "openxds"
	at org.postgresql.core.v3.ConnectionFactoryImpl.doAuthentication(ConnectionFactoryImpl.java:276)
	at org.postgresql.core.v3.ConnectionFactoryImpl.openConnectionImpl(ConnectionFactoryImpl.java:95)
	at org.postgresql.core.ConnectionFactory.openConnection(ConnectionFactory.java:66)
	at org.postgresql.jdbc2.AbstractJdbc2Connection.<init>(AbstractJdbc2Connection.java:124)
	at org.postgresql.jdbc3.AbstractJdbc3Connection.<init>(AbstractJdbc3Connection.java:30)
	at org.postgresql.jdbc4.AbstractJdbc4Connection.<init>(AbstractJdbc4Connection.java:29)
	at org.postgresql.jdbc4.Jdbc4Connection.<init>(Jdbc4Connection.java:24)
	at org.postgresql.Driver.makeConnection(Driver.java:386)
	at org.postgresql.Driver.connect(Driver.java:260)
	at java.sql/java.sql.DriverManager.getConnection(DriverManager.java:677)
	at java.sql/java.sql.DriverManager.getConnection(DriverManager.java:228)
	at org.freebxml.omar.server.persistence.rdb.SQLPersistenceManagerImpl.getConnection(SQLPersistenceManagerImpl.java:296)
	... 36 more
2025-05-08 14:01:56,087 ERROR [org.freebxml.omar.server.security.authentication.AuthenticationServiceImpl] Internal error. Could not load predefined users.
javax.xml.registry.RegistryException: Error: Could not create Connection to database. Check if database is already running in another program (e.g. registry servlet in tomcat)
	at org.freebxml.omar.server.persistence.rdb.SQLPersistenceManagerImpl.getConnection(SQLPersistenceManagerImpl.java:308)
	at org.freebxml.omar.server.common.ServerRequestContext.getConnection(ServerRequestContext.java:638)
	at org.freebxml.omar.server.persistence.rdb.SQLPersistenceManagerImpl.executeSQLQuery(SQLPersistenceManagerImpl.java:914)
	at org.freebxml.omar.server.persistence.rdb.SQLPersistenceManagerImpl.getIdentifiablesMatchingQuery(SQLPersistenceManagerImpl.java:1147)
	at org.freebxml.omar.server.persistence.rdb.SQLPersistenceManagerImpl.getIdentifiableMatchingQuery(SQLPersistenceManagerImpl.java:1178)
	at org.freebxml.omar.server.persistence.rdb.SQLPersistenceManagerImpl.getIdentifiable(SQLPersistenceManagerImpl.java:1221)
	at org.freebxml.omar.server.persistence.rdb.SQLPersistenceManagerImpl.getRegistryObject(SQLPersistenceManagerImpl.java:1199)
	at org.freebxml.omar.server.security.authentication.AuthenticationServiceImpl.loadPredefinedUsers(AuthenticationServiceImpl.java:470)
	at org.freebxml.omar.server.security.authentication.AuthenticationServiceImpl.<init>(AuthenticationServiceImpl.java:94)
	at org.freebxml.omar.server.security.authentication.AuthenticationServiceImpl.getInstance(AuthenticationServiceImpl.java:247)
	at org.openhealthtools.openxds.registry.adapter.omar31.XdsRegistryQueryServiceImpl.storedQuery(XdsRegistryQueryServiceImpl.java:83)
	at org.openhealthtools.openxds.registry.adapter.omar31.XdsRegistryQueryServiceTest.testFindDocuments(XdsRegistryQueryServiceTest.java:72)
	at java.base/jdk.internal.reflect.NativeMethodAccessorImpl.invoke0(Native Method)
	at java.base/jdk.internal.reflect.NativeMethodAccessorImpl.invoke(NativeMethodAccessorImpl.java:62)
	at java.base/jdk.internal.reflect.DelegatingMethodAccessorImpl.invoke(DelegatingMethodAccessorImpl.java:43)
	at java.base/java.lang.reflect.Method.invoke(Method.java:566)
	at junit.framework.TestCase.runTest(TestCase.java:168)
	at junit.framework.TestCase.runBare(TestCase.java:134)
	at junit.framework.TestResult$1.protect(TestResult.java:110)
	at junit.framework.TestResult.runProtected(TestResult.java:128)
	at junit.framework.TestResult.run(TestResult.java:113)
	at junit.framework.TestCase.run(TestCase.java:124)
	at junit.framework.TestSuite.runTest(TestSuite.java:232)
	at junit.framework.TestSuite.run(TestSuite.java:227)
	at org.junit.internal.runners.JUnit38ClassRunner.run(JUnit38ClassRunner.java:81)
	at org.apache.maven.surefire.junit4.JUnit4Provider.execute(JUnit4Provider.java:252)
	at org.apache.maven.surefire.junit4.JUnit4Provider.executeTestSet(JUnit4Provider.java:141)
	at org.apache.maven.surefire.junit4.JUnit4Provider.invoke(JUnit4Provider.java:112)
	at java.base/jdk.internal.reflect.NativeMethodAccessorImpl.invoke0(Native Method)
	at java.base/jdk.internal.reflect.NativeMethodAccessorImpl.invoke(NativeMethodAccessorImpl.java:62)
	at java.base/jdk.internal.reflect.DelegatingMethodAccessorImpl.invoke(DelegatingMethodAccessorImpl.java:43)
	at java.base/java.lang.reflect.Method.invoke(Method.java:566)
	at org.apache.maven.surefire.util.ReflectionUtils.invokeMethodWithArray(ReflectionUtils.java:189)
	at org.apache.maven.surefire.booter.ProviderFactory$ProviderProxy.invoke(ProviderFactory.java:165)
	at org.apache.maven.surefire.booter.ProviderFactory.invokeProvider(ProviderFactory.java:85)
	at org.apache.maven.surefire.booter.ForkedBooter.runSuitesInProcess(ForkedBooter.java:115)
	at org.apache.maven.surefire.booter.ForkedBooter.main(ForkedBooter.java:75)
Caused by: org.postgresql.util.PSQLException: FATAL: password authentication failed for user "openxds"
	at org.postgresql.core.v3.ConnectionFactoryImpl.doAuthentication(ConnectionFactoryImpl.java:276)
	at org.postgresql.core.v3.ConnectionFactoryImpl.openConnectionImpl(ConnectionFactoryImpl.java:95)
	at org.postgresql.core.ConnectionFactory.openConnection(ConnectionFactory.java:66)
	at org.postgresql.jdbc2.AbstractJdbc2Connection.<init>(AbstractJdbc2Connection.java:124)
	at org.postgresql.jdbc3.AbstractJdbc3Connection.<init>(AbstractJdbc3Connection.java:30)
	at org.postgresql.jdbc4.AbstractJdbc4Connection.<init>(AbstractJdbc4Connection.java:29)
	at org.postgresql.jdbc4.Jdbc4Connection.<init>(Jdbc4Connection.java:24)
	at org.postgresql.Driver.makeConnection(Driver.java:386)
	at org.postgresql.Driver.connect(Driver.java:260)
	at java.sql/java.sql.DriverManager.getConnection(DriverManager.java:677)
	at java.sql/java.sql.DriverManager.getConnection(DriverManager.java:228)
	at org.freebxml.omar.server.persistence.rdb.SQLPersistenceManagerImpl.getConnection(SQLPersistenceManagerImpl.java:296)
	... 36 more
2025-05-08 14:01:56,092 ERROR [org.freebxml.omar.server.security.authentication.AuthenticationServiceImpl] Internal error. Could not load predefined users.
javax.xml.registry.RegistryException: Error: Could not create Connection to database. Check if database is already running in another program (e.g. registry servlet in tomcat)
	at org.freebxml.omar.server.persistence.rdb.SQLPersistenceManagerImpl.getConnection(SQLPersistenceManagerImpl.java:308)
	at org.freebxml.omar.server.common.ServerRequestContext.getConnection(ServerRequestContext.java:638)
	at org.freebxml.omar.server.persistence.rdb.SQLPersistenceManagerImpl.executeSQLQuery(SQLPersistenceManagerImpl.java:914)
	at org.freebxml.omar.server.persistence.rdb.SQLPersistenceManagerImpl.getIdentifiablesMatchingQuery(SQLPersistenceManagerImpl.java:1147)
	at org.freebxml.omar.server.persistence.rdb.SQLPersistenceManagerImpl.getIdentifiableMatchingQuery(SQLPersistenceManagerImpl.java:1178)
	at org.freebxml.omar.server.persistence.rdb.SQLPersistenceManagerImpl.getIdentifiable(SQLPersistenceManagerImpl.java:1221)
	at org.freebxml.omar.server.persistence.rdb.SQLPersistenceManagerImpl.getRegistryObject(SQLPersistenceManagerImpl.java:1199)
	at org.freebxml.omar.server.security.authentication.AuthenticationServiceImpl.loadPredefinedUsers(AuthenticationServiceImpl.java:470)
	at org.freebxml.omar.server.security.authentication.AuthenticationServiceImpl.<init>(AuthenticationServiceImpl.java:94)
	at org.freebxml.omar.server.security.authentication.AuthenticationServiceImpl.getInstance(AuthenticationServiceImpl.java:247)
	at org.freebxml.omar.server.lcm.LifeCycleManagerImpl.<init>(LifeCycleManagerImpl.java:95)
	at org.freebxml.omar.server.lcm.LifeCycleManagerImpl.getInstance(LifeCycleManagerImpl.java:127)
	at java.base/jdk.internal.reflect.NativeMethodAccessorImpl.invoke0(Native Method)
	at java.base/jdk.internal.reflect.NativeMethodAccessorImpl.invoke(NativeMethodAccessorImpl.java:62)
	at java.base/jdk.internal.reflect.DelegatingMethodAccessorImpl.invoke(DelegatingMethodAccessorImpl.java:43)
	at java.base/java.lang.reflect.Method.invoke(Method.java:566)
	at org.freebxml.omar.common.spi.LifeCycleManagerFactory.createPluginInstance(LifeCycleManagerFactory.java:88)
	at org.freebxml.omar.common.spi.LifeCycleManagerFactory.getLifeCycleManager(LifeCycleManagerFactory.java:50)
	at org.openhealthtools.openxds.registry.adapter.omar31.XdsRegistryLifeCycleServiceImpl.<clinit>(XdsRegistryLifeCycleServiceImpl.java:59)
	at org.openhealthtools.openxds.registry.adapter.omar31.XdsRegistryLifeCycleServiceTest.<clinit>(XdsRegistryLifeCycleServiceTest.java:76)
	at java.base/jdk.internal.reflect.NativeConstructorAccessorImpl.newInstance0(Native Method)
	at java.base/jdk.internal.reflect.NativeConstructorAccessorImpl.newInstance(NativeConstructorAccessorImpl.java:62)
	at java.base/jdk.internal.reflect.DelegatingConstructorAccessorImpl.newInstance(DelegatingConstructorAccessorImpl.java:45)
	at java.base/java.lang.reflect.Constructor.newInstance(Constructor.java:490)
	at junit.framework.TestSuite.createTest(TestSuite.java:61)
	at junit.framework.TestSuite.addTestMethod(TestSuite.java:283)
	at junit.framework.TestSuite.<init>(TestSuite.java:146)
	at org.junit.internal.runners.JUnit38ClassRunner.<init>(JUnit38ClassRunner.java:69)
	at java.base/jdk.internal.reflect.NativeConstructorAccessorImpl.newInstance0(Native Method)
	at java.base/jdk.internal.reflect.NativeConstructorAccessorImpl.newInstance(NativeConstructorAccessorImpl.java:62)
	at java.base/jdk.internal.reflect.DelegatingConstructorAccessorImpl.newInstance(DelegatingConstructorAccessorImpl.java:45)
	at java.base/java.lang.reflect.Constructor.newInstance(Constructor.java:490)
	at org.junit.internal.requests.ClassRequest.buildRunner(ClassRequest.java:33)
	at org.junit.internal.requests.ClassRequest.getRunner(ClassRequest.java:28)
	at org.apache.maven.surefire.junit4.JUnit4Provider.execute(JUnit4Provider.java:250)
	at org.apache.maven.surefire.junit4.JUnit4Provider.executeTestSet(JUnit4Provider.java:141)
	at org.apache.maven.surefire.junit4.JUnit4Provider.invoke(JUnit4Provider.java:112)
	at java.base/jdk.internal.reflect.NativeMethodAccessorImpl.invoke0(Native Method)
	at java.base/jdk.internal.reflect.NativeMethodAccessorImpl.invoke(NativeMethodAccessorImpl.java:62)
	at java.base/jdk.internal.reflect.DelegatingMethodAccessorImpl.invoke(DelegatingMethodAccessorImpl.java:43)
	at java.base/java.lang.reflect.Method.invoke(Method.java:566)
	at org.apache.maven.surefire.util.ReflectionUtils.invokeMethodWithArray(ReflectionUtils.java:189)
	at org.apache.maven.surefire.booter.ProviderFactory$ProviderProxy.invoke(ProviderFactory.java:165)
	at org.apache.maven.surefire.booter.ProviderFactory.invokeProvider(ProviderFactory.java:85)
	at org.apache.maven.surefire.booter.ForkedBooter.runSuitesInProcess(ForkedBooter.java:115)
	at org.apache.maven.surefire.booter.ForkedBooter.main(ForkedBooter.java:75)
Caused by: org.postgresql.util.PSQLException: FATAL: password authentication failed for user "openxds"
	at org.postgresql.core.v3.ConnectionFactoryImpl.doAuthentication(ConnectionFactoryImpl.java:276)
	at org.postgresql.core.v3.ConnectionFactoryImpl.openConnectionImpl(ConnectionFactoryImpl.java:95)
	at org.postgresql.core.ConnectionFactory.openConnection(ConnectionFactory.java:66)
	at org.postgresql.jdbc2.AbstractJdbc2Connection.<init>(AbstractJdbc2Connection.java:124)
	at org.postgresql.jdbc3.AbstractJdbc3Connection.<init>(AbstractJdbc3Connection.java:30)
	at org.postgresql.jdbc4.AbstractJdbc4Connection.<init>(AbstractJdbc4Connection.java:29)
	at org.postgresql.jdbc4.Jdbc4Connection.<init>(Jdbc4Connection.java:24)
	at org.postgresql.Driver.makeConnection(Driver.java:386)
	at org.postgresql.Driver.connect(Driver.java:260)
	at java.sql/java.sql.DriverManager.getConnection(DriverManager.java:677)
	at java.sql/java.sql.DriverManager.getConnection(DriverManager.java:228)
	at org.freebxml.omar.server.persistence.rdb.SQLPersistenceManagerImpl.getConnection(SQLPersistenceManagerImpl.java:296)
	... 45 more
2025-05-08 14:01:56,093 ERROR [org.freebxml.omar.common.spi.LifeCycleManagerFactory] [LifeCycleManager] Cannot instantiate LifeCycleManager plugin class named: 'org.freebxml.omar.server.lcm.LifeCycleManagerImpl'. Please check that property 'omar.common.LifeCycleManagerFactory.lifeCycleManagerClass' is correctly set in omar-common.properties file.
java.lang.reflect.InvocationTargetException
	at java.base/jdk.internal.reflect.NativeMethodAccessorImpl.invoke0(Native Method)
	at java.base/jdk.internal.reflect.NativeMethodAccessorImpl.invoke(NativeMethodAccessorImpl.java:62)
	at java.base/jdk.internal.reflect.DelegatingMethodAccessorImpl.invoke(DelegatingMethodAccessorImpl.java:43)
	at java.base/java.lang.reflect.Method.invoke(Method.java:566)
	at org.freebxml.omar.common.spi.LifeCycleManagerFactory.createPluginInstance(LifeCycleManagerFactory.java:88)
	at org.freebxml.omar.common.spi.LifeCycleManagerFactory.getLifeCycleManager(LifeCycleManagerFactory.java:50)
	at org.openhealthtools.openxds.registry.adapter.omar31.XdsRegistryLifeCycleServiceImpl.<clinit>(XdsRegistryLifeCycleServiceImpl.java:59)
	at org.openhealthtools.openxds.registry.adapter.omar31.XdsRegistryLifeCycleServiceTest.<clinit>(XdsRegistryLifeCycleServiceTest.java:76)
	at java.base/jdk.internal.reflect.NativeConstructorAccessorImpl.newInstance0(Native Method)
	at java.base/jdk.internal.reflect.NativeConstructorAccessorImpl.newInstance(NativeConstructorAccessorImpl.java:62)
	at java.base/jdk.internal.reflect.DelegatingConstructorAccessorImpl.newInstance(DelegatingConstructorAccessorImpl.java:45)
	at java.base/java.lang.reflect.Constructor.newInstance(Constructor.java:490)
	at junit.framework.TestSuite.createTest(TestSuite.java:61)
	at junit.framework.TestSuite.addTestMethod(TestSuite.java:283)
	at junit.framework.TestSuite.<init>(TestSuite.java:146)
	at org.junit.internal.runners.JUnit38ClassRunner.<init>(JUnit38ClassRunner.java:69)
	at java.base/jdk.internal.reflect.NativeConstructorAccessorImpl.newInstance0(Native Method)
	at java.base/jdk.internal.reflect.NativeConstructorAccessorImpl.newInstance(NativeConstructorAccessorImpl.java:62)
	at java.base/jdk.internal.reflect.DelegatingConstructorAccessorImpl.newInstance(DelegatingConstructorAccessorImpl.java:45)
	at java.base/java.lang.reflect.Constructor.newInstance(Constructor.java:490)
	at org.junit.internal.requests.ClassRequest.buildRunner(ClassRequest.java:33)
	at org.junit.internal.requests.ClassRequest.getRunner(ClassRequest.java:28)
	at org.apache.maven.surefire.junit4.JUnit4Provider.execute(JUnit4Provider.java:250)
	at org.apache.maven.surefire.junit4.JUnit4Provider.executeTestSet(JUnit4Provider.java:141)
	at org.apache.maven.surefire.junit4.JUnit4Provider.invoke(JUnit4Provider.java:112)
	at java.base/jdk.internal.reflect.NativeMethodAccessorImpl.invoke0(Native Method)
	at java.base/jdk.internal.reflect.NativeMethodAccessorImpl.invoke(NativeMethodAccessorImpl.java:62)
	at java.base/jdk.internal.reflect.DelegatingMethodAccessorImpl.invoke(DelegatingMethodAccessorImpl.java:43)
	at java.base/java.lang.reflect.Method.invoke(Method.java:566)
	at org.apache.maven.surefire.util.ReflectionUtils.invokeMethodWithArray(ReflectionUtils.java:189)
	at org.apache.maven.surefire.booter.ProviderFactory$ProviderProxy.invoke(ProviderFactory.java:165)
	at org.apache.maven.surefire.booter.ProviderFactory.invokeProvider(ProviderFactory.java:85)
	at org.apache.maven.surefire.booter.ForkedBooter.runSuitesInProcess(ForkedBooter.java:115)
	at org.apache.maven.surefire.booter.ForkedBooter.main(ForkedBooter.java:75)
Caused by: java.lang.reflect.UndeclaredThrowableException
	at org.freebxml.omar.server.security.authentication.AuthenticationServiceImpl.<init>(AuthenticationServiceImpl.java:98)
	at org.freebxml.omar.server.security.authentication.AuthenticationServiceImpl.getInstance(AuthenticationServiceImpl.java:247)
	at org.freebxml.omar.server.lcm.LifeCycleManagerImpl.<init>(LifeCycleManagerImpl.java:95)
	at org.freebxml.omar.server.lcm.LifeCycleManagerImpl.getInstance(LifeCycleManagerImpl.java:127)
	... 34 more
Caused by: javax.xml.registry.RegistryException: Error: Could not create Connection to database. Check if database is already running in another program (e.g. registry servlet in tomcat)
	at org.freebxml.omar.server.persistence.rdb.SQLPersistenceManagerImpl.getConnection(SQLPersistenceManagerImpl.java:308)
	at org.freebxml.omar.server.common.ServerRequestContext.getConnection(ServerRequestContext.java:638)
	at org.freebxml.omar.server.persistence.rdb.SQLPersistenceManagerImpl.executeSQLQuery(SQLPersistenceManagerImpl.java:914)
	at org.freebxml.omar.server.persistence.rdb.SQLPersistenceManagerImpl.getIdentifiablesMatchingQuery(SQLPersistenceManagerImpl.java:1147)
	at org.freebxml.omar.server.persistence.rdb.SQLPersistenceManagerImpl.getIdentifiableMatchingQuery(SQLPersistenceManagerImpl.java:1178)
	at org.freebxml.omar.server.persistence.rdb.SQLPersistenceManagerImpl.getIdentifiable(SQLPersistenceManagerImpl.java:1221)
	at org.freebxml.omar.server.persistence.rdb.SQLPersistenceManagerImpl.getRegistryObject(SQLPersistenceManagerImpl.java:1199)
	at org.freebxml.omar.server.security.authentication.AuthenticationServiceImpl.loadPredefinedUsers(AuthenticationServiceImpl.java:470)
	at org.freebxml.omar.server.security.authentication.AuthenticationServiceImpl.<init>(AuthenticationServiceImpl.java:94)
	... 37 more
Caused by: org.postgresql.util.PSQLException: FATAL: password authentication failed for user "openxds"
	at org.postgresql.core.v3.ConnectionFactoryImpl.doAuthentication(ConnectionFactoryImpl.java:276)
	at org.postgresql.core.v3.ConnectionFactoryImpl.openConnectionImpl(ConnectionFactoryImpl.java:95)
	at org.postgresql.core.ConnectionFactory.openConnection(ConnectionFactory.java:66)
	at org.postgresql.jdbc2.AbstractJdbc2Connection.<init>(AbstractJdbc2Connection.java:124)
	at org.postgresql.jdbc3.AbstractJdbc3Connection.<init>(AbstractJdbc3Connection.java:30)
	at org.postgresql.jdbc4.AbstractJdbc4Connection.<init>(AbstractJdbc4Connection.java:29)
	at org.postgresql.jdbc4.Jdbc4Connection.<init>(Jdbc4Connection.java:24)
	at org.postgresql.Driver.makeConnection(Driver.java:386)
	at org.postgresql.Driver.connect(Driver.java:260)
	at java.sql/java.sql.DriverManager.getConnection(DriverManager.java:677)
	at java.sql/java.sql.DriverManager.getConnection(DriverManager.java:228)
	at org.freebxml.omar.server.persistence.rdb.SQLPersistenceManagerImpl.getConnection(SQLPersistenceManagerImpl.java:296)
	... 45 more
2025-05-08 14:01:56,151 ERROR [org.freebxml.omar.server.security.authentication.AuthenticationServiceImpl] Internal error. Could not load predefined users.
javax.xml.registry.RegistryException: Error: Could not create Connection to database. Check if database is already running in another program (e.g. registry servlet in tomcat)
	at org.freebxml.omar.server.persistence.rdb.SQLPersistenceManagerImpl.getConnection(SQLPersistenceManagerImpl.java:308)
	at org.freebxml.omar.server.common.ServerRequestContext.getConnection(ServerRequestContext.java:638)
	at org.freebxml.omar.server.persistence.rdb.SQLPersistenceManagerImpl.executeSQLQuery(SQLPersistenceManagerImpl.java:914)
	at org.freebxml.omar.server.persistence.rdb.SQLPersistenceManagerImpl.getIdentifiablesMatchingQuery(SQLPersistenceManagerImpl.java:1147)
	at org.freebxml.omar.server.persistence.rdb.SQLPersistenceManagerImpl.getIdentifiableMatchingQuery(SQLPersistenceManagerImpl.java:1178)
	at org.freebxml.omar.server.persistence.rdb.SQLPersistenceManagerImpl.getIdentifiable(SQLPersistenceManagerImpl.java:1221)
	at org.freebxml.omar.server.persistence.rdb.SQLPersistenceManagerImpl.getRegistryObject(SQLPersistenceManagerImpl.java:1199)
	at org.freebxml.omar.server.security.authentication.AuthenticationServiceImpl.loadPredefinedUsers(AuthenticationServiceImpl.java:470)
	at org.freebxml.omar.server.security.authentication.AuthenticationServiceImpl.<init>(AuthenticationServiceImpl.java:94)
	at org.freebxml.omar.server.security.authentication.AuthenticationServiceImpl.getInstance(AuthenticationServiceImpl.java:247)
	at org.openhealthtools.openxds.registry.adapter.omar31.XdsRegistryLifeCycleServiceImpl.submitObjects(XdsRegistryLifeCycleServiceImpl.java:74)
	at org.openhealthtools.openxds.registry.adapter.omar31.XdsRegistryLifeCycleServiceTest.testSubmitObjects(XdsRegistryLifeCycleServiceTest.java:90)
	at java.base/jdk.internal.reflect.NativeMethodAccessorImpl.invoke0(Native Method)
	at java.base/jdk.internal.reflect.NativeMethodAccessorImpl.invoke(NativeMethodAccessorImpl.java:62)
	at java.base/jdk.internal.reflect.DelegatingMethodAccessorImpl.invoke(DelegatingMethodAccessorImpl.java:43)
	at java.base/java.lang.reflect.Method.invoke(Method.java:566)
	at junit.framework.TestCase.runTest(TestCase.java:168)
	at junit.framework.TestCase.runBare(TestCase.java:134)
	at junit.framework.TestResult$1.protect(TestResult.java:110)
	at junit.framework.TestResult.runProtected(TestResult.java:128)
	at junit.framework.TestResult.run(TestResult.java:113)
	at junit.framework.TestCase.run(TestCase.java:124)
	at junit.framework.TestSuite.runTest(TestSuite.java:232)
	at junit.framework.TestSuite.run(TestSuite.java:227)
	at org.junit.internal.runners.JUnit38ClassRunner.run(JUnit38ClassRunner.java:81)
	at org.apache.maven.surefire.junit4.JUnit4Provider.execute(JUnit4Provider.java:252)
	at org.apache.maven.surefire.junit4.JUnit4Provider.executeTestSet(JUnit4Provider.java:141)
	at org.apache.maven.surefire.junit4.JUnit4Provider.invoke(JUnit4Provider.java:112)
	at java.base/jdk.internal.reflect.NativeMethodAccessorImpl.invoke0(Native Method)
	at java.base/jdk.internal.reflect.NativeMethodAccessorImpl.invoke(NativeMethodAccessorImpl.java:62)
	at java.base/jdk.internal.reflect.DelegatingMethodAccessorImpl.invoke(DelegatingMethodAccessorImpl.java:43)
	at java.base/java.lang.reflect.Method.invoke(Method.java:566)
	at org.apache.maven.surefire.util.ReflectionUtils.invokeMethodWithArray(ReflectionUtils.java:189)
	at org.apache.maven.surefire.booter.ProviderFactory$ProviderProxy.invoke(ProviderFactory.java:165)
	at org.apache.maven.surefire.booter.ProviderFactory.invokeProvider(ProviderFactory.java:85)
	at org.apache.maven.surefire.booter.ForkedBooter.runSuitesInProcess(ForkedBooter.java:115)
	at org.apache.maven.surefire.booter.ForkedBooter.main(ForkedBooter.java:75)
Caused by: org.postgresql.util.PSQLException: FATAL: password authentication failed for user "openxds"
	at org.postgresql.core.v3.ConnectionFactoryImpl.doAuthentication(ConnectionFactoryImpl.java:276)
	at org.postgresql.core.v3.ConnectionFactoryImpl.openConnectionImpl(ConnectionFactoryImpl.java:95)
	at org.postgresql.core.ConnectionFactory.openConnection(ConnectionFactory.java:66)
	at org.postgresql.jdbc2.AbstractJdbc2Connection.<init>(AbstractJdbc2Connection.java:124)
	at org.postgresql.jdbc3.AbstractJdbc3Connection.<init>(AbstractJdbc3Connection.java:30)
	at org.postgresql.jdbc4.AbstractJdbc4Connection.<init>(AbstractJdbc4Connection.java:29)
	at org.postgresql.jdbc4.Jdbc4Connection.<init>(Jdbc4Connection.java:24)
	at org.postgresql.Driver.makeConnection(Driver.java:386)
	at org.postgresql.Driver.connect(Driver.java:260)
	at java.sql/java.sql.DriverManager.getConnection(DriverManager.java:677)
	at java.sql/java.sql.DriverManager.getConnection(DriverManager.java:228)
	at org.freebxml.omar.server.persistence.rdb.SQLPersistenceManagerImpl.getConnection(SQLPersistenceManagerImpl.java:296)
	... 36 more
2025-05-08 14:01:56,162 ERROR [org.freebxml.omar.server.security.authentication.AuthenticationServiceImpl] Internal error. Could not load predefined users.
javax.xml.registry.RegistryException: Error: Could not create Connection to database. Check if database is already running in another program (e.g. registry servlet in tomcat)
	at org.freebxml.omar.server.persistence.rdb.SQLPersistenceManagerImpl.getConnection(SQLPersistenceManagerImpl.java:308)
	at org.freebxml.omar.server.common.ServerRequestContext.getConnection(ServerRequestContext.java:638)
	at org.freebxml.omar.server.persistence.rdb.SQLPersistenceManagerImpl.executeSQLQuery(SQLPersistenceManagerImpl.java:914)
	at org.freebxml.omar.server.persistence.rdb.SQLPersistenceManagerImpl.getIdentifiablesMatchingQuery(SQLPersistenceManagerImpl.java:1147)
	at org.freebxml.omar.server.persistence.rdb.SQLPersistenceManagerImpl.getIdentifiableMatchingQuery(SQLPersistenceManagerImpl.java:1178)
	at org.freebxml.omar.server.persistence.rdb.SQLPersistenceManagerImpl.getIdentifiable(SQLPersistenceManagerImpl.java:1221)
	at org.freebxml.omar.server.persistence.rdb.SQLPersistenceManagerImpl.getRegistryObject(SQLPersistenceManagerImpl.java:1199)
	at org.freebxml.omar.server.security.authentication.AuthenticationServiceImpl.loadPredefinedUsers(AuthenticationServiceImpl.java:470)
	at org.freebxml.omar.server.security.authentication.AuthenticationServiceImpl.<init>(AuthenticationServiceImpl.java:94)
	at org.freebxml.omar.server.security.authentication.AuthenticationServiceImpl.getInstance(AuthenticationServiceImpl.java:247)
	at org.openhealthtools.openxds.registry.adapter.omar31.XdsRegistryLifeCycleServiceImpl.approveObjects(XdsRegistryLifeCycleServiceImpl.java:114)
	at org.openhealthtools.openxds.registry.adapter.omar31.XdsRegistryLifeCycleServiceTest.testApproveObjects(XdsRegistryLifeCycleServiceTest.java:114)
	at java.base/jdk.internal.reflect.NativeMethodAccessorImpl.invoke0(Native Method)
	at java.base/jdk.internal.reflect.NativeMethodAccessorImpl.invoke(NativeMethodAccessorImpl.java:62)
	at java.base/jdk.internal.reflect.DelegatingMethodAccessorImpl.invoke(DelegatingMethodAccessorImpl.java:43)
	at java.base/java.lang.reflect.Method.invoke(Method.java:566)
	at junit.framework.TestCase.runTest(TestCase.java:168)
	at junit.framework.TestCase.runBare(TestCase.java:134)
	at junit.framework.TestResult$1.protect(TestResult.java:110)
	at junit.framework.TestResult.runProtected(TestResult.java:128)
	at junit.framework.TestResult.run(TestResult.java:113)
	at junit.framework.TestCase.run(TestCase.java:124)
	at junit.framework.TestSuite.runTest(TestSuite.java:232)
	at junit.framework.TestSuite.run(TestSuite.java:227)
	at org.junit.internal.runners.JUnit38ClassRunner.run(JUnit38ClassRunner.java:81)
	at org.apache.maven.surefire.junit4.JUnit4Provider.execute(JUnit4Provider.java:252)
	at org.apache.maven.surefire.junit4.JUnit4Provider.executeTestSet(JUnit4Provider.java:141)
	at org.apache.maven.surefire.junit4.JUnit4Provider.invoke(JUnit4Provider.java:112)
	at java.base/jdk.internal.reflect.NativeMethodAccessorImpl.invoke0(Native Method)
	at java.base/jdk.internal.reflect.NativeMethodAccessorImpl.invoke(NativeMethodAccessorImpl.java:62)
	at java.base/jdk.internal.reflect.DelegatingMethodAccessorImpl.invoke(DelegatingMethodAccessorImpl.java:43)
	at java.base/java.lang.reflect.Method.invoke(Method.java:566)
	at org.apache.maven.surefire.util.ReflectionUtils.invokeMethodWithArray(ReflectionUtils.java:189)
	at org.apache.maven.surefire.booter.ProviderFactory$ProviderProxy.invoke(ProviderFactory.java:165)
	at org.apache.maven.surefire.booter.ProviderFactory.invokeProvider(ProviderFactory.java:85)
	at org.apache.maven.surefire.booter.ForkedBooter.runSuitesInProcess(ForkedBooter.java:115)
	at org.apache.maven.surefire.booter.ForkedBooter.main(ForkedBooter.java:75)
Caused by: org.postgresql.util.PSQLException: FATAL: password authentication failed for user "openxds"
	at org.postgresql.core.v3.ConnectionFactoryImpl.doAuthentication(ConnectionFactoryImpl.java:276)
	at org.postgresql.core.v3.ConnectionFactoryImpl.openConnectionImpl(ConnectionFactoryImpl.java:95)
	at org.postgresql.core.ConnectionFactory.openConnection(ConnectionFactory.java:66)
	at org.postgresql.jdbc2.AbstractJdbc2Connection.<init>(AbstractJdbc2Connection.java:124)
	at org.postgresql.jdbc3.AbstractJdbc3Connection.<init>(AbstractJdbc3Connection.java:30)
	at org.postgresql.jdbc4.AbstractJdbc4Connection.<init>(AbstractJdbc4Connection.java:29)
	at org.postgresql.jdbc4.Jdbc4Connection.<init>(Jdbc4Connection.java:24)
	at org.postgresql.Driver.makeConnection(Driver.java:386)
	at org.postgresql.Driver.connect(Driver.java:260)
	at java.sql/java.sql.DriverManager.getConnection(DriverManager.java:677)
	at java.sql/java.sql.DriverManager.getConnection(DriverManager.java:228)
	at org.freebxml.omar.server.persistence.rdb.SQLPersistenceManagerImpl.getConnection(SQLPersistenceManagerImpl.java:296)
	... 36 more
2025-05-08 14:01:56,171 ERROR [org.freebxml.omar.server.security.authentication.AuthenticationServiceImpl] Internal error. Could not load predefined users.
javax.xml.registry.RegistryException: Error: Could not create Connection to database. Check if database is already running in another program (e.g. registry servlet in tomcat)
	at org.freebxml.omar.server.persistence.rdb.SQLPersistenceManagerImpl.getConnection(SQLPersistenceManagerImpl.java:308)
	at org.freebxml.omar.server.common.ServerRequestContext.getConnection(ServerRequestContext.java:638)
	at org.freebxml.omar.server.persistence.rdb.SQLPersistenceManagerImpl.executeSQLQuery(SQLPersistenceManagerImpl.java:914)
	at org.freebxml.omar.server.persistence.rdb.SQLPersistenceManagerImpl.getIdentifiablesMatchingQuery(SQLPersistenceManagerImpl.java:1147)
	at org.freebxml.omar.server.persistence.rdb.SQLPersistenceManagerImpl.getIdentifiableMatchingQuery(SQLPersistenceManagerImpl.java:1178)
	at org.freebxml.omar.server.persistence.rdb.SQLPersistenceManagerImpl.getIdentifiable(SQLPersistenceManagerImpl.java:1221)
	at org.freebxml.omar.server.persistence.rdb.SQLPersistenceManagerImpl.getRegistryObject(SQLPersistenceManagerImpl.java:1199)
	at org.freebxml.omar.server.security.authentication.AuthenticationServiceImpl.loadPredefinedUsers(AuthenticationServiceImpl.java:470)
	at org.freebxml.omar.server.security.authentication.AuthenticationServiceImpl.<init>(AuthenticationServiceImpl.java:94)
	at org.freebxml.omar.server.security.authentication.AuthenticationServiceImpl.getInstance(AuthenticationServiceImpl.java:247)
	at org.openhealthtools.openxds.registry.adapter.omar31.XdsRegistryLifeCycleServiceImpl.deprecateObjects(XdsRegistryLifeCycleServiceImpl.java:143)
	at org.openhealthtools.openxds.registry.adapter.omar31.XdsRegistryLifeCycleServiceTest.testDeprecateObjects(XdsRegistryLifeCycleServiceTest.java:139)
	at java.base/jdk.internal.reflect.NativeMethodAccessorImpl.invoke0(Native Method)
	at java.base/jdk.internal.reflect.NativeMethodAccessorImpl.invoke(NativeMethodAccessorImpl.java:62)
	at java.base/jdk.internal.reflect.DelegatingMethodAccessorImpl.invoke(DelegatingMethodAccessorImpl.java:43)
	at java.base/java.lang.reflect.Method.invoke(Method.java:566)
	at junit.framework.TestCase.runTest(TestCase.java:168)
	at junit.framework.TestCase.runBare(TestCase.java:134)
	at junit.framework.TestResult$1.protect(TestResult.java:110)
	at junit.framework.TestResult.runProtected(TestResult.java:128)
	at junit.framework.TestResult.run(TestResult.java:113)
	at junit.framework.TestCase.run(TestCase.java:124)
	at junit.framework.TestSuite.runTest(TestSuite.java:232)
	at junit.framework.TestSuite.run(TestSuite.java:227)
	at org.junit.internal.runners.JUnit38ClassRunner.run(JUnit38ClassRunner.java:81)
	at org.apache.maven.surefire.junit4.JUnit4Provider.execute(JUnit4Provider.java:252)
	at org.apache.maven.surefire.junit4.JUnit4Provider.executeTestSet(JUnit4Provider.java:141)
	at org.apache.maven.surefire.junit4.JUnit4Provider.invoke(JUnit4Provider.java:112)
	at java.base/jdk.internal.reflect.NativeMethodAccessorImpl.invoke0(Native Method)
	at java.base/jdk.internal.reflect.NativeMethodAccessorImpl.invoke(NativeMethodAccessorImpl.java:62)
	at java.base/jdk.internal.reflect.DelegatingMethodAccessorImpl.invoke(DelegatingMethodAccessorImpl.java:43)
	at java.base/java.lang.reflect.Method.invoke(Method.java:566)
	at org.apache.maven.surefire.util.ReflectionUtils.invokeMethodWithArray(ReflectionUtils.java:189)
	at org.apache.maven.surefire.booter.ProviderFactory$ProviderProxy.invoke(ProviderFactory.java:165)
	at org.apache.maven.surefire.booter.ProviderFactory.invokeProvider(ProviderFactory.java:85)
	at org.apache.maven.surefire.booter.ForkedBooter.runSuitesInProcess(ForkedBooter.java:115)
	at org.apache.maven.surefire.booter.ForkedBooter.main(ForkedBooter.java:75)
Caused by: org.postgresql.util.PSQLException: FATAL: password authentication failed for user "openxds"
	at org.postgresql.core.v3.ConnectionFactoryImpl.doAuthentication(ConnectionFactoryImpl.java:276)
	at org.postgresql.core.v3.ConnectionFactoryImpl.openConnectionImpl(ConnectionFactoryImpl.java:95)
	at org.postgresql.core.ConnectionFactory.openConnection(ConnectionFactory.java:66)
	at org.postgresql.jdbc2.AbstractJdbc2Connection.<init>(AbstractJdbc2Connection.java:124)
	at org.postgresql.jdbc3.AbstractJdbc3Connection.<init>(AbstractJdbc3Connection.java:30)
	at org.postgresql.jdbc4.AbstractJdbc4Connection.<init>(AbstractJdbc4Connection.java:29)
	at org.postgresql.jdbc4.Jdbc4Connection.<init>(Jdbc4Connection.java:24)
	at org.postgresql.Driver.makeConnection(Driver.java:386)
	at org.postgresql.Driver.connect(Driver.java:260)
	at java.sql/java.sql.DriverManager.getConnection(DriverManager.java:677)
	at java.sql/java.sql.DriverManager.getConnection(DriverManager.java:228)
	at org.freebxml.omar.server.persistence.rdb.SQLPersistenceManagerImpl.getConnection(SQLPersistenceManagerImpl.java:296)
	... 36 more
